---
source: tests/tests/syncback.rs
expression: default.project.json
---
{
  "name": "SyncbackTest",
  "tree": {
    "$className": "DataModel",
    "Workspace": {
      "$className": "Workspace",
      "TestPart": {
        "$className": "Part",
        "$properties": {
          "Anchored": true,
          "Color": {
            "Color3uint8": [
              0,
              0,
              255
            ]
          }
        }
      },
      "$properties": {
        "PhysicsImprovedSleep": {
          "Enum": 0
        },
        "UseNewLuauTypeSolver": "Disabled"
      },
      "$attributes": {
        "Rojo_Target_CurrentCamera": "302d573157260ee80a3baa32000003b5"
      }
    }
  }
}
