---
source: tests/rojo_test/syncback_util.rs
expression: src/rbxm.rbxm
---
num_types: 1
num_instances: 1
chunks:
  - Inst:
      type_id: 0
      type_name: Folder
      object_format: 0
      referents:
        - 0
  - Prop:
      type_id: 0
      prop_name: AttributesSerialize
      prop_type: String
      values:
        - ""
  - Prop:
      type_id: 0
      prop_name: Capabilities
      prop_type: SecurityCapabilities
      values:
        - 0
  - Prop:
      type_id: 0
      prop_name: Name
      prop_type: String
      values:
        - rbxm
  - Prop:
      type_id: 0
      prop_name: DefinesCapabilities
      prop_type: Bool
      values:
        - false
  - Prop:
      type_id: 0
      prop_name: SourceAssetId
      prop_type: Int64
      values:
        - -1
  - Prop:
      type_id: 0
      prop_name: Tags
      prop_type: String
      values:
        - rbxmx
  - Prnt:
      version: 0
      links:
        - - 0
          - -1
  - End
