---
source: tests/tests/syncback.rs
expression: default.project.json
---
{
  "name": "string_value_project",
  "tree": {
    "$className": "Folder",
    "inside_project_file": {
      "$className": "StringValue",
      "$properties": {
        "Value": "imgettingverytiredofwritingthesetests2"
      }
    },
    "on_file_system": {
      "$attributes": {
        "imgettingverytiredofwritingthesetests": "person299 was ahead of his time"
      },
      "$path": "string_value.txt"
    }
  }
}
