---
source: tests/rojo_test/syncback_util.rs
assertion_line: 45
expression: "visualize_fs_snapshot(&fs_snapshot, &output_path)"
---
added_files:
  - ReplicatedStorage/ChildWithDuplicates.rbxm
  - ReplicatedStorage/ChildWithoutDuplicates/Child/.gitkeep
added_dirs:
  - ReplicatedStorage/ChildWithoutDuplicates
  - ReplicatedStorage/ChildWithoutDuplicates/Child
removed_files: []
removed_dirs:
  - ReplicatedStorage/ChildWithDuplicates
