---
source: tests/tests/build.rs
expression: contents
---
<roblox version="4">
  <Item class="StarterPlayer" referent="0">
    <Properties>
      <string name="Name">StarterPlayer</string>
    </Properties>
    <Item class="StarterCharacterScripts" referent="1">
      <Properties>
        <string name="Name">StarterCharacterScripts</string>
      </Properties>
    </Item>
    <Item class="StarterPlayerScripts" referent="2">
      <Properties>
        <string name="Name">StarterPlayerScripts</string>
      </Properties>
    </Item>
  </Item>
</roblox>
