---
source: tests/tests/build.rs
expression: contents
---
<roblox version="4">
  <Item class="Folder" referent="0">
    <Properties>
      <string name="Name">attributes</string>
    </Properties>
    <Item class="Folder" referent="1">
      <Properties>
        <string name="Name">Explicit</string>
        <BinaryString name="AttributesSerialize">AgAAAAUAAABIZWxsbwIFAAAAV29ybGQGAAAAVmVjdG9yEQAAgD8AAABAAABAQA==</BinaryString>
      </Properties>
    </Item>
    <Item class="Folder" referent="2">
      <Properties>
        <string name="Name">ImplicitAttributes</string>
        <BinaryString name="AttributesSerialize">BAAAAAQAAABCb29sAwEDAAAASGV5AgcAAABHcmFuZG1hBAAAAFRlc3QGAAAAAAAA4D8GAAAAVmVjdG9yEQAAgEAAAKBAAADAQA==</BinaryString>
      </Properties>
    </Item>
  </Item>
</roblox>
