---
source: tests/tests/build.rs
assertion_line: 112
expression: contents
---
<roblox version="4">
  <Item class="Folder" referent="0">
    <Properties>
      <string name="Name">BaseFolder</string>
    </Properties>
  </Item>
  <Item class="Folder" referent="1">
    <Properties>
      <string name="Name">base_merge_model</string>
    </Properties>
    <Item class="ModuleScript" referent="2">
      <Properties>
        <string name="Name">Child</string>
        <string name="Source"><![CDATA[-- model child
]]></string>
      </Properties>
    </Item>
  </Item>
</roblox>
