---
source: tests/tests/build.rs
expression: contents
---
<roblox version="4">
  <Item class="Folder" referent="0">
    <Properties>
      <string name="Name">json_model_in_folder</string>
    </Properties>
    <Item class="IntValue" referent="1">
      <Properties>
        <string name="Name">simple-model</string>
        <int64 name="Value">5</int64>
      </Properties>
      <Item class="Folder" referent="2">
        <Properties>
          <string name="Name">A Child</string>
        </Properties>
      </Item>
    </Item>
  </Item>
</roblox>
