---
source: tests/tests/build.rs
expression: contents
---
<roblox version="4">
  <Item class="Folder" referent="0">
    <Properties>
      <string name="Name">top-level</string>
    </Properties>
    <Item class="Folder" referent="1">
      <Properties>
        <string name="Name">second-level</string>
      </Properties>
      <Item class="IntValue" referent="2">
        <Properties>
          <string name="Name">third-level</string>
          <int64 name="Value">1337</int64>
        </Properties>
      </Item>
    </Item>
  </Item>
</roblox>
