---
source: src/snapshot_middleware/project.rs
expression: instance_snapshot
---
snapshot_id: ~
metadata:
  ignore_unknown_instances: false
  instigating_source:
    Path: /foo/default.project.json
  relevant_paths:
    - /foo/other.txt
    - /foo/other.meta.json
    - /foo/default.project.json
  context: {}
  debug_id: ~
name: path-project
class_name: StringValue
properties:
  Value:
    String: "Hello, world!"
children: []

