---
source: src/snapshot_middleware/json_model.rs
expression: instance_snapshot
---
snapshot_id: "00000000000000000000000000000000"
metadata:
  ignore_unknown_instances: false
  instigating_source:
    Path: /foo.model.json
  relevant_paths:
    - /foo.model.json
  context:
    emit_legacy_scripts: true
  specified_id: ~
  middleware: ~
name: foo
class_name: IntValue
properties:
  Value:
    Int64: 5
children:
  - snapshot_id: "00000000000000000000000000000000"
    metadata:
      ignore_unknown_instances: false
      relevant_paths: []
      context:
        emit_legacy_scripts: true
      specified_id: ~
      middleware: ~
    name: The Child
    class_name: StringValue
    properties: {}
    children: []

