---
source: src/snapshot_middleware/project.rs
expression: instance_snapshot
---
snapshot_id: ~
metadata:
  ignore_unknown_instances: true
  instigating_source:
    Path: /foo.project.json
  relevant_paths:
    - /foo.project.json
  context: {}
  debug_id: ~
name: resolved-properties
class_name: StringValue
properties:
  Value:
    String: "Hello, world!"
children: []

