---
source: src/snapshot_middleware/lua.rs
expression: instance_snapshot
---
snapshot_id: "00000000000000000000000000000000"
metadata:
  ignore_unknown_instances: false
  instigating_source:
    Path: /foo.client.lua
  relevant_paths:
    - /foo.client.lua
    - /foo.meta.json
  context:
    emit_legacy_scripts: false
  middleware: ~
name: foo
class_name: Script
properties:
  RunContext:
    Enum: 2
  Source:
    String: Hello there!
children: []

