---
source: src/snapshot_middleware/lua.rs
expression: instance_snapshot
---
snapshot_id: "00000000000000000000000000000000"
metadata:
  ignore_unknown_instances: false
  instigating_source:
    Path: /bar.server.lua
  relevant_paths:
    - /bar.server.lua
    - /bar.meta.json
  context:
    emit_legacy_scripts: true
  specified_id: ~
  middleware: ~
name: bar
class_name: Script
properties:
  Disabled:
    Bool: true
  RunContext:
    Enum: 0
  Source:
    String: Hello there!
children: []

