---
source: src/snapshot_middleware/project.rs
expression: instance_snapshot
---
snapshot_id: ~
metadata:
  ignore_unknown_instances: true
  relevant_paths:
    - /foo/other.project.json
    - /foo/default.project.json
name: path-property-override
class_name: StringValue
properties:
  Value:
    Type: String
    Value: Changed
children: []