---
source: src/snapshot_middleware/dir.rs
expression: instance_snapshot
---
snapshot_id: ~
metadata:
  ignore_unknown_instances: false
  instigating_source:
    Path: /foo
  relevant_paths:
    - /foo
name: foo
class_name: Folder
properties: {}
children:
  - snapshot_id: ~
    metadata:
      ignore_unknown_instances: false
      instigating_source:
        Path: /foo/Child
      relevant_paths:
        - /foo/Child
    name: Child
    class_name: Folder
    properties: {}
    children: []
