---
source: src/snapshot_middleware/project.rs
expression: instance_snapshot
---
snapshot_id: ~
metadata:
  ignore_unknown_instances: true
  contributing_paths:
    - /foo/default.project.json
  project_node: ~
name: unresolved-properties
class_name: StringValue
properties:
  Value:
    Type: String
    Value: Hi!
children: []
