---
source: src/snapshot_middleware/project.rs
expression: instance_snapshot
---
snapshot_id: ~
metadata:
  ignore_unknown_instances: true
  relevant_paths:
    - /foo/other.project.json
    - /foo/default.project.json
name: path-child-project
class_name: Folder
properties: {}
children:
  - snapshot_id: ~
    metadata:
      ignore_unknown_instances: true
      relevant_paths: []
    name: SomeChild
    class_name: Model
    properties: {}
    children: []