---
source: tests/tests/serve.rs
expression: "read_response.intern_and_redact(&mut redactions, root_id)"
---
instances:
  id-2:
    Children: []
    ClassName: Folder
    Id: id-2
    Metadata:
      ignoreUnknownInstances: false
    Name: remove_file
    Parent: "00000000000000000000000000000000"
    Properties: {}
messageCursor: 1
sessionId: id-1
