---
source: tests/tests/serve.rs
expression: "read_response.intern_and_redact(&mut redactions, root_id)"
---
instances:
  id-2:
    Children:
      - id-3
    ClassName: Folder
    Id: id-2
    Metadata:
      ignoreUnknownInstances: true
    Name: top-level
    Parent: "00000000000000000000000000000000"
    Properties: {}
  id-3:
    Children:
      - id-4
    ClassName: Folder
    Id: id-3
    Metadata:
      ignoreUnknownInstances: false
    Name: second-level
    Parent: id-2
    Properties: {}
  id-4:
    Children: []
    ClassName: IntValue
    Id: id-4
    Metadata:
      ignoreUnknownInstances: true
    Name: third-level
    Parent: id-3
    Properties:
      Value:
        Int64: 1337
messageCursor: 0
sessionId: id-1

