---
source: tests/tests/serve.rs
expression: "subscribe_response.intern_and_redact(&mut redactions, ())"

---
messageCursor: 1
messages:
  - added:
      id-4:
        Children: []
        ClassName: Folder
        Id: id-4
        Metadata:
          ignoreUnknownInstances: false
        Name: my-new-folder
        Parent: id-3
        Properties: {}
    removed: []
    source: id-2
    updated: []
sessionId: id-1

