---
source: tests/tests/serve.rs
expression: "socket_packet.intern_and_redact(&mut redactions, ())"
---
body:
  messageCursor: 1
  messages:
    - added:
        id-11:
          Children: []
          ClassName: Model
          Id: id-11
          Metadata:
            ignoreUnknownInstances: false
          Name: ProjectPointer
          Parent: id-7
          Properties:
            Attributes:
              Attributes:
                Rojo_Target_PrimaryPart:
                  String: project target
            NeedsPivotMigration:
              Bool: false
            PrimaryPart:
              Ref: id-9
      removed: []
      updated:
        - changedClassName: ~
          changedMetadata:
            ignoreUnknownInstances: false
          changedName: ~
          changedProperties:
            Attributes:
              Attributes:
                Rojo_Id:
                  String: model target 2
          id: id-7
        - changedClassName: ~
          changedMetadata: ~
          changedName: ~
          changedProperties:
            Attributes:
              Attributes:
                Rojo_Target_PrimaryPart:
                  String: model target 2
            PrimaryPart: ~
          id: id-8
packetType: messages
sessionId: id-1
