---
source: tests/tests/serve.rs
expression: "subscribe_response.intern_and_redact(&mut redactions, ())"
---
messageCursor: 1
messages:
  - added:
      id-6:
        Children: []
        ClassName: Actor
        Id: id-6
        Metadata:
          ignoreUnknownInstances: true
        Name: Actor
        Parent: id-3
        Properties:
          NeedsPivotMigration:
            Bool: false
    removed: []
    updated:
      - changedClassName: ~
        changedMetadata:
          ignoreUnknownInstances: true
        changedName: ~
        changedProperties: {}
        id: id-3
sessionId: id-1
