---
source: tests/tests/serve.rs
expression: "read_response.intern_and_redact(&mut redactions, root_id)"

---
instances:
  id-2:
    Children: []
    ClassName: ModuleScript
    Id: id-2
    Metadata:
      ignoreUnknownInstances: false
    Name: edit_init
    Parent: "00000000000000000000000000000000"
    Properties:
      Source:
        String: "-- Edited contents"
messageCursor: 1
sessionId: id-1

