---
source: tests/tests/serve.rs
expression: "subscribe_response.intern_and_redact(&mut redactions, ())"

---
messageCursor: 1
messages:
  - added: {}
    removed: []
    source: id-2
    updated:
      - changedClassName: ~
        changedMetadata: ~
        changedName: ~
        changedProperties:
          Source:
            String: "-- Edited contents"
        id: id-3
sessionId: id-1

