---
source: tests/tests/serve.rs
expression: "socket_packet.intern_and_redact(&mut redactions, ())"
---
body:
  messageCursor: 1
  messages:
    - added: {}
      removed: []
      updated:
        - changedClassName: ~
          changedMetadata: ~
          changedName: ~
          changedProperties:
            Source:
              String: "-- Edited contents"
          id: id-2
packetType: messages
sessionId: id-1
