---
source: tests/tests/serve.rs
assertion_line: 303
expression: "read_response.intern_and_redact(&mut redactions, root_id)"
---
instances:
  id-2:
    Children:
      - id-3
    ClassName: Folder
    Id: id-2
    Metadata:
      ignoreUnknownInstances: false
    Name: sync_rule_no_extension
    Parent: "00000000000000000000000000000000"
    Properties: {}
  id-3:
    Children: []
    ClassName: ModuleScript
    Id: id-3
    Metadata:
      ignoreUnknownInstances: false
    Name: no_extension
    Parent: id-2
    Properties:
      Source:
        String: "return {\"This file has no extension but should be a ModuleScript named `no_extension`\"}"
messageCursor: 0
sessionId: id-1

