---
source: tests/tests/serve.rs
expression: "subscribe_response.intern_and_redact(&mut redactions, ())"
---
messageCursor: 1
messages:
  - added:
      id-3:
        Children: []
        ClassName: Model
        Id: id-3
        Metadata:
          ignoreUnknownInstances: false
        Name: test
        Parent: id-2
        Properties:
          NeedsPivotMigration:
            Bool: false
    removed: []
    updated: []
sessionId: id-1

