---
source: rojo-test/src/serve_test.rs
expression: "read_response.intern_and_redact(&mut redactions, root_id)"
---
instances:
  id-2:
    Children: []
    ClassName: StringValue
    Id: id-2
    Metadata:
      ignoreUnknownInstances: false
    Name: just_txt
    Parent: ~
    Properties:
      Value:
        Type: String
        Value: "Hello, world!"
messageCursor: 0
sessionId: id-1
