---
source: rojo-test/src/serve_test.rs
expression: "subscribe_response.intern_and_redact(&mut redactions, ())"
---
messageCursor: 1
messages:
  - addedInstances:
      id-3:
        Children: []
        ClassName: Folder
        Id: id-3
        Metadata:
          ignoreUnknownInstances: false
        Name: my-new-folder
        Parent: id-2
        Properties: {}
    removedInstances: []
    updatedInstances: []
sessionId: id-1
