---
source: rojo-test/src/serve_test.rs
expression: read_result
---
instances:
  id-2:
    Id: id-2
    Parent: ~
    Name: just-txt
    ClassName: StringValue
    Properties:
      Value:
        Type: String
        Value: "Hello, world!"
    Children: []
    Metadata:
      ignoreUnknownInstances: false
messageCursor: 0
sessionId: id-1
