---
source: src/snapshot/tests/apply.rs
expression: tree_view
---
id: id-1
name: ROOT
class_name: ROOT
properties:
  Foo:
    String: Should be removed
metadata:
  ignore_unknown_instances: false
  relevant_paths: []
  context:
    emit_legacy_scripts: true
  specified_id: ~
  middleware: ~
children: []

